<?xml version="1.0" encoding="utf-8"?>
<TestRun id="3d513293-181d-4015-aa04-3cf2bbfb33c5" name="Rupesh Reddy@DESKTOP-RUPESH 2026-08-11 21:47:21" runUser="DESKTOP-RUPESH\Rupesh Reddy" xmlns="http://microsoft.com/schemas/VisualStudio/TeamTest/2010">
  <Times creation="2026-08-11T21:47:21.1227894+05:30" queuing="2026-08-11T21:47:21.1227900+05:30" start="2026-08-11T21:47:19.1801349+05:30" finish="2026-08-11T21:47:24.6231353+05:30" />
  <TestSettings name="default" id="e916a983-9b84-4a3f-8dc8-67edf53bc926">
    <Deployment runDeploymentRoot="Rupesh_Reddy_DESKTOP-RUPESH_2026-08-11_21_47_21" />
  </TestSettings>
  <Results>
    <UnitTestResult executionId="58b5dc6c-b99e-45f0-b731-d61043e8dc51" testId="0a9ae6b1-781f-3b2e-af33-1bf289ab7c76" testName="Abhyanvaya.Application.UnitTests.Academic.AI29_1D_Prompt21_ArchitectureGuardTests.Architecture_Compliance_Report_Passes" computerName="DESKTOP-RUPESH" duration="00:00:00.2333824" startTime="2026-08-11T21:47:24.2831875+05:30" endTime="2026-08-11T21:47:24.2831877+05:30" testType="13cdc9d9-ddb5-4fa4-a97d-d965ccfc6d4b" outcome="Passed" testListId="8c84fa94-04c1-424b-9868-57a2d4851a1d" relativeResultsDirectory="58b5dc6c-b99e-45f0-b731-d61043e8dc51" />
    <UnitTestResult executionId="55bb451f-d10d-4a15-9633-4882c042dbf6" testId="62e65377-be49-a136-d52e-caed5f2d05fc" testName="Abhyanvaya.Application.UnitTests.Academic.AI29_1D_Prompt21A_ArchitectureGuardHardeningTests.Zero_Violations_With_Ui_Scan_Is_Fully_Verified" computerName="DESKTOP-RUPESH" duration="00:00:00.4178811" startTime="2026-08-11T21:47:23.6635767+05:30" endTime="2026-08-11T21:47:23.6635771+05:30" testType="13cdc9d9-ddb5-4fa4-a97d-d965ccfc6d4b" outcome="Passed" testListId="8c84fa94-04c1-424b-9868-57a2d4851a1d" relativeResultsDirectory="55bb451f-d10d-4a15-9633-4882c042dbf6" />
    <UnitTestResult executionId="40398449-f877-40ad-ad27-9f7c6b262b94" testId="1cbf6fe6-7abc-56f4-cef8-da301c13893e" testName="Abhyanvaya.Application.UnitTests.Academic.AI29_1D_Prompt21A_ArchitectureGuardHardeningTests.Application_Ui_Dependency_Through_Property" computerName="DESKTOP-RUPESH" duration="00:00:00.0629287" startTime="2026-08-11T21:47:23.7927859+05:30" endTime="2026-08-11T21:47:23.7927861+05:30" testType="13cdc9d9-ddb5-4fa4-a97d-d965ccfc6d4b" outcome="Passed" testListId="8c84fa94-04c1-424b-9868-57a2d4851a1d" relativeResultsDirectory="40398449-f877-40ad-ad27-9f7c6b262b94" />
    <UnitTestResult executionId="ecd55abe-0057-4d7e-a435-a1923ef709a5" testId="dff9eab3-1c18-e31f-aa92-c76157bf2cea" testName="Abhyanvaya.Application.UnitTests.Academic.AI29_1D_15A_Prompt9_RegressionArchitectureGuardTests.Architecture_Allocation_And_Scoring_Engines_Untouched_As_Singletons" computerName="DESKTOP-RUPESH" duration="00:00:00.0493579" startTime="2026-08-11T21:47:21.0003243+05:30" endTime="2026-08-11T21:47:21.0003246+05:30" testType="13cdc9d9-ddb5-4fa4-a97d-d965ccfc6d4b" outcome="Passed" testListId="8c84fa94-04c1-424b-9868-57a2d4851a1d" relativeResultsDirectory="ecd55abe-0057-4d7e-a435-a1923ef709a5" />
    <UnitTestResult executionId="5772372a-0c91-4186-810b-bc6d0ffe6e87" testId="6ea4b943-3bb5-1017-cc20-e09a63c11e58" testName="Abhyanvaya.Application.UnitTests.Academic.AI29_1D_15A_Prompt9_RegressionArchitectureGuardTests.Faculty_Allocation_Ui_Removed_Manual_Staff_Id_Entry" computerName="DESKTOP-RUPESH" duration="00:00:00.0042432" startTime="2026-08-11T21:47:21.0579368+05:30" endTime="2026-08-11T21:47:21.0579369+05:30" testType="13cdc9d9-ddb5-4fa4-a97d-d965ccfc6d4b" outcome="Passed" testListId="8c84fa94-04c1-424b-9868-57a2d4851a1d" relativeResultsDirectory="5772372a-0c91-4186-810b-bc6d0ffe6e87" />
    <UnitTestResult executionId="9b4a3ea2-7ccf-4c55-8c86-6c01f97d8888" testId="2a0d43a7-13b6-33a9-6274-56c0f9db252b" testName="Abhyanvaya.Application.UnitTests.Academic.AI29_1D_15A_Prompt9_RegressionArchitectureGuardTests.Faculty_Assign_Authorization_Helper_Present" computerName="DESKTOP-RUPESH" duration="00:00:00.0005678" startTime="2026-08-11T21:47:21.0010481+05:30" endTime="2026-08-11T21:47:21.0010487+05:30" testType="13cdc9d9-ddb5-4fa4-a97d-d965ccfc6d4b" outcome="Passed" testListId="8c84fa94-04c1-424b-9868-57a2d4851a1d" relativeResultsDirectory="9b4a3ea2-7ccf-4c55-8c86-6c01f97d8888" />
    <UnitTestResult executionId="4f9056b7-5199-4d41-8d48-b3e2116da455" testId="43885d12-5a45-329f-0ac0-3f03b4100d5b" testName="Abhyanvaya.Application.UnitTests.Academic.AI29_1D_15A_Prompt9_RegressionArchitectureGuardTests.Attendance_Ui_Write_Payload_Builder_Exists_Without_Client_Eligibility" computerName="DESKTOP-RUPESH" duration="00:00:00.0149155" startTime="2026-08-11T21:47:21.0190114+05:30" endTime="2026-08-11T21:47:21.0190120+05:30" testType="13cdc9d9-ddb5-4fa4-a97d-d965ccfc6d4b" outcome="Passed" testListId="8c84fa94-04c1-424b-9868-57a2d4851a1d" relativeResultsDirectory="4f9056b7-5199-4d41-8d48-b3e2116da455" />
    <UnitTestResult executionId="da35d419-e9f0-45f4-9909-24e31a061ad3" testId="d203a508-8f0f-1bd3-831a-cf9d99309baf" testName="Abhyanvaya.Application.UnitTests.Academic.AI29_1D_15A_Prompt9_RegressionArchitectureGuardTests.Faculty_Assign_Api_Contract_Still_Uses_FacultyId_Staff_Id" computerName="DESKTOP-RUPESH" duration="00:00:00.0067362" startTime="2026-08-11T21:47:20.9360331+05:30" endTime="2026-08-11T21:47:20.9360555+05:30" testType="13cdc9d9-ddb5-4fa4-a97d-d965ccfc6d4b" outcome="Passed" testListId="8c84fa94-04c1-424b-9868-57a2d4851a1d" relativeResultsDirectory="da35d419-e9f0-45f4-9909-24e31a061ad3" />
    <UnitTestResult executionId="41fa561e-9ddb-4505-8785-813d8448be9c" testId="348b4bbe-18f3-2805-da34-dd198658c915" testName="Abhyanvaya.Application.UnitTests.Academic.AI29_1D_Prompt21A_ArchitectureGuardHardeningTests.Failure_When_Forbidden_Authority_Pattern_Detected" computerName="DESKTOP-RUPESH" duration="00:00:00.0008366" startTime="2026-08-11T21:47:22.3682203+05:30" endTime="2026-08-11T21:47:22.3682204+05:30" testType="13cdc9d9-ddb5-4fa4-a97d-d965ccfc6d4b" outcome="Passed" testListId="8c84fa94-04c1-424b-9868-57a2d4851a1d" relativeResultsDirectory="41fa561e-9ddb-4505-8785-813d8448be9c" />
    <UnitTestResult executionId="fa21a7f6-605e-4b05-82ef-d922271bfbf1" testId="69659e4d-f601-cc09-95ca-e37e221bd047" testName="Abhyanvaya.Application.UnitTests.Academic.AI29_1D_15A_Prompt9_RegressionArchitectureGuardTests.Architecture_No_Second_SectionGroup_Or_FacultySection_Entity" computerName="DESKTOP-RUPESH" duration="00:00:00.0008128" startTime="2026-08-11T21:47:20.9445208+05:30" endTime="2026-08-11T21:47:20.9445210+05:30" testType="13cdc9d9-ddb5-4fa4-a97d-d965ccfc6d4b" outcome="Passed" testListId="8c84fa94-04c1-424b-9868-57a2d4851a1d" relativeResultsDirectory="fa21a7f6-605e-4b05-82ef-d922271bfbf1" />
    <UnitTestResult executionId="45bee67c-42f9-4f76-844b-3d01e489c763" testId="74c2da66-3583-f768-1048-bc64283cd0bf" testName="Abhyanvaya.Application.UnitTests.Academic.AI29_1D_Prompt21A_ArchitectureGuardHardeningTests.Application_Ui_Dependency_Through_Return_Type" computerName="DESKTOP-RUPESH" duration="00:00:00.0861254" startTime="2026-08-11T21:47:23.2452847+05:30" endTime="2026-08-11T21:47:23.2452848+05:30" testType="13cdc9d9-ddb5-4fa4-a97d-d965ccfc6d4b" outcome="Passed" testListId="8c84fa94-04c1-424b-9868-57a2d4851a1d" relativeResultsDirectory="45bee67c-42f9-4f76-844b-3d01e489c763" />
    <UnitTestResult executionId="adc50ab2-8b15-4962-9e31-8a4740521762" testId="dd0b9b72-641b-c145-e9c5-c3c86ecaf3d5" testName="Abhyanvaya.Application.UnitTests.Academic.AI29_1D_Prompt21_ArchitectureGuardTests.Ui_Package_Json_Has_No_Direct_Database_Drivers" computerName="DESKTOP-RUPESH" duration="00:00:00.0007775" startTime="2026-08-11T21:47:23.7955122+05:30" endTime="2026-08-11T21:47:23.7955123+05:30" testType="13cdc9d9-ddb5-4fa4-a97d-d965ccfc6d4b" outcome="Passed" testListId="8c84fa94-04c1-424b-9868-57a2d4851a1d" relativeResultsDirectory="adc50ab2-8b15-4962-9e31-8a4740521762" />
    <UnitTestResult executionId="f0bb03a0-680d-4009-89f9-8b8aab706e4b" testId="965d8e79-56b3-5ff4-13cc-132c5779ab2d" testName="Abhyanvaya.Application.UnitTests.Academic.AI29_1D_Prompt21A_ArchitectureGuardHardeningTests.Failure_When_Ui_Forbidden_Dependency_Detected" computerName="DESKTOP-RUPESH" duration="00:00:00.0006689" startTime="2026-08-11T21:47:22.3743304+05:30" endTime="2026-08-11T21:47:22.3743305+05:30" testType="13cdc9d9-ddb5-4fa4-a97d-d965ccfc6d4b" outcome="Passed" testListId="8c84fa94-04c1-424b-9868-57a2d4851a1d" relativeResultsDirectory="f0bb03a0-680d-4009-89f9-8b8aab706e4b" />
    <UnitTestResult executionId="d919da6b-a436-4016-9e3b-b558210c4b53" testId="72e7298d-7683-927b-b258-0fc81972ccb8" testName="Abhyanvaya.Application.UnitTests.Academic.AI29_1D_15A_Prompt9_RegressionArchitectureGuardTests.Attendance_Controller_Uses_Resolver_Independent_Write_Scope_And_Transactions" computerName="DESKTOP-RUPESH" duration="00:00:00.0037055" startTime="2026-08-11T21:47:21.0581316+05:30" endTime="2026-08-11T21:47:21.0581317+05:30" testType="13cdc9d9-ddb5-4fa4-a97d-d965ccfc6d4b" outcome="Passed" testListId="8c84fa94-04c1-424b-9868-57a2d4851a1d" relativeResultsDirectory="d919da6b-a436-4016-9e3b-b558210c4b53" />
    <UnitTestResult executionId="e4fa62ae-f7b7-47e2-97fa-d5a6905e3134" testId="aaf9e10c-d3fe-8423-a6e6-236493919d77" testName="Abhyanvaya.Application.UnitTests.Academic.AI29_1D_Prompt21_ArchitectureGuardTests.Backend_Services_Remain_Authoritative" computerName="DESKTOP-RUPESH" duration="00:00:00.2283861" startTime="2026-08-11T21:47:24.5117460+05:30" endTime="2026-08-11T21:47:24.5117469+05:30" testType="13cdc9d9-ddb5-4fa4-a97d-d965ccfc6d4b" outcome="Passed" testListId="8c84fa94-04c1-424b-9868-57a2d4851a1d" relativeResultsDirectory="e4fa62ae-f7b7-47e2-97fa-d5a6905e3134" />
    <UnitTestResult executionId="998435d7-d5d5-4df0-997f-e16d5ea7d8e8" testId="5fcd33fa-33ca-0783-fc8d-72708e08cd50" testName="Abhyanvaya.Application.UnitTests.Academic.AI29_1D_Prompt21A_ArchitectureGuardHardeningTests.Platform_Allocation_Guard_Failure_Fails_Compliance" computerName="DESKTOP-RUPESH" duration="00:00:00.0653504" startTime="2026-08-11T21:47:23.7294857+05:30" endTime="2026-08-11T21:47:23.7294858+05:30" testType="13cdc9d9-ddb5-4fa4-a97d-d965ccfc6d4b" outcome="Passed" testListId="8c84fa94-04c1-424b-9868-57a2d4851a1d" relativeResultsDirectory="998435d7-d5d5-4df0-997f-e16d5ea7d8e8" />
    <UnitTestResult executionId="5387a7f4-2c0f-47aa-b249-96c3522fc7e9" testId="21987d53-74b6-31f4-ae20-c24ba1b32a4b" testName="Abhyanvaya.Application.UnitTests.Academic.AI29_1D_Prompt21A_ArchitectureGuardHardeningTests.Package_Json_Forbidden_Dependency_Fails" computerName="DESKTOP-RUPESH" duration="00:00:00.0053151" startTime="2026-08-11T21:47:22.3676722+05:30" endTime="2026-08-11T21:47:22.3676728+05:30" testType="13cdc9d9-ddb5-4fa4-a97d-d965ccfc6d4b" outcome="Passed" testListId="8c84fa94-04c1-424b-9868-57a2d4851a1d" relativeResultsDirectory="5387a7f4-2c0f-47aa-b249-96c3522fc7e9" />
    <UnitTestResult executionId="be951007-c35b-4642-8708-a49a2a9806ad" testId="8708f760-f387-9f07-34be-d8bbced073be" testName="Abhyanvaya.Application.UnitTests.Academic.AI29_1D_Prompt21_ArchitectureGuardTests.Compliance_Markdown_Documents_Layering_Contract" computerName="DESKTOP-RUPESH" duration="00:00:00.0008320" startTime="2026-08-11T21:47:23.7946619+05:30" endTime="2026-08-11T21:47:23.7946621+05:30" testType="13cdc9d9-ddb5-4fa4-a97d-d965ccfc6d4b" outcome="Passed" testListId="8c84fa94-04c1-424b-9868-57a2d4851a1d" relativeResultsDirectory="be951007-c35b-4642-8708-a49a2a9806ad" />
    <UnitTestResult executionId="405af7da-1ad9-442d-b0c7-a93eefcd1c26" testId="2b1494d6-0bac-5936-e6ba-d9e13bff6ea1" testName="Abhyanvaya.Application.UnitTests.Academic.AI29_1D_15A_Prompt9_RegressionArchitectureGuardTests.Architecture_Subject_Master_Has_No_Section_Relationship" computerName="DESKTOP-RUPESH" duration="00:00:00.0079920" startTime="2026-08-11T21:47:20.9436840+05:30" endTime="2026-08-11T21:47:20.9436842+05:30" testType="13cdc9d9-ddb5-4fa4-a97d-d965ccfc6d4b" outcome="Passed" testListId="8c84fa94-04c1-424b-9868-57a2d4851a1d" relativeResultsDirectory="405af7da-1ad9-442d-b0c7-a93eefcd1c26" />
    <UnitTestResult executionId="409818d9-b2ec-4bbb-982d-5c1b4a39c349" testId="f0a56886-4358-a949-1e45-1b7e7a6302c4" testName="Abhyanvaya.Application.UnitTests.Academic.AI29_1D_Prompt21A_ArchitectureGuardHardeningTests.Full_Verification_When_Ui_Exists" computerName="DESKTOP-RUPESH" duration="00:00:00.7002517" startTime="2026-08-11T21:47:23.0696343+05:30" endTime="2026-08-11T21:47:23.0696345+05:30" testType="13cdc9d9-ddb5-4fa4-a97d-d965ccfc6d4b" outcome="Passed" testListId="8c84fa94-04c1-424b-9868-57a2d4851a1d" relativeResultsDirectory="409818d9-b2ec-4bbb-982d-5c1b4a39c349" />
    <UnitTestResult executionId="b5131db9-8a7e-4c99-b78d-0f4e588bdc6e" testId="9c4dfaa4-f8e6-7fc6-536c-904102bb1b40" testName="Abhyanvaya.Application.UnitTests.Academic.AI29_1D_15A_Prompt9_RegressionArchitectureGuardTests.Attendance_Save_Contract_Remains_Additive_And_Optional_Section" computerName="DESKTOP-RUPESH" duration="00:00:00.0037627" startTime="2026-08-11T21:47:21.0581657+05:30" endTime="2026-08-11T21:47:21.0581657+05:30" testType="13cdc9d9-ddb5-4fa4-a97d-d965ccfc6d4b" outcome="Passed" testListId="8c84fa94-04c1-424b-9868-57a2d4851a1d" relativeResultsDirectory="b5131db9-8a7e-4c99-b78d-0f4e588bdc6e" />
    <UnitTestResult executionId="696d4e1e-43d1-4c7f-949e-15b71b59cf61" testId="3b02927b-24b7-5805-63b9-49248cce0367" testName="Abhyanvaya.Application.UnitTests.Academic.AI29_1D_15A_Prompt9_RegressionArchitectureGuardTests.Attendance_Write_Rejects_Unauthorized_Students_Atomically" computerName="DESKTOP-RUPESH" duration="00:00:00.0061140" startTime="2026-08-11T21:47:20.9509027+05:30" endTime="2026-08-11T21:47:20.9509033+05:30" testType="13cdc9d9-ddb5-4fa4-a97d-d965ccfc6d4b" outcome="Passed" testListId="8c84fa94-04c1-424b-9868-57a2d4851a1d" relativeResultsDirectory="696d4e1e-43d1-4c7f-949e-15b71b59cf61" />
    <UnitTestResult executionId="638f6e27-b646-4554-ae33-3df35c5b0a55" testId="2725e7cc-7dff-14a5-6e48-49d5c6270f0d" testName="Abhyanvaya.Application.UnitTests.Academic.AI29_1D_Prompt21_ArchitectureGuardTests.Writes_Machine_Readable_Compliance_Snapshot" computerName="DESKTOP-RUPESH" duration="00:00:00.2539691" startTime="2026-08-11T21:47:24.0496712+05:30" endTime="2026-08-11T21:47:24.0496716+05:30" testType="13cdc9d9-ddb5-4fa4-a97d-d965ccfc6d4b" outcome="Passed" testListId="8c84fa94-04c1-424b-9868-57a2d4851a1d" relativeResultsDirectory="638f6e27-b646-4554-ae33-3df35c5b0a55" />
    <UnitTestResult executionId="e5639bbc-b0e7-42f2-b834-b3e079d823f0" testId="3c2df03b-a1b4-d2aa-eabc-05b3044e25f4" testName="Abhyanvaya.Application.UnitTests.Academic.AI29_1D_15A_Prompt9_RegressionArchitectureGuardTests.Architecture_Single_AttendanceSessionResolver" computerName="DESKTOP-RUPESH" duration="00:00:00.0027071" startTime="2026-08-11T21:47:21.0038889+05:30" endTime="2026-08-11T21:47:21.0038893+05:30" testType="13cdc9d9-ddb5-4fa4-a97d-d965ccfc6d4b" outcome="Passed" testListId="8c84fa94-04c1-424b-9868-57a2d4851a1d" relativeResultsDirectory="e5639bbc-b0e7-42f2-b834-b3e079d823f0" />
    <UnitTestResult executionId="73e7df7d-4922-4f64-8101-69bdee5bb26e" testId="4f3b363e-7380-c357-9ba9-88d8d6163d74" testName="Abhyanvaya.Application.UnitTests.Academic.AI29_1D_Prompt21A_ArchitectureGuardHardeningTests.Hardening_Doc_And_Ci_Snapshot_Include_Status" computerName="DESKTOP-RUPESH" duration="00:00:01.1256375" startTime="2026-08-11T21:47:22.3610194+05:30" endTime="2026-08-11T21:47:22.3610199+05:30" testType="13cdc9d9-ddb5-4fa4-a97d-d965ccfc6d4b" outcome="Passed" testListId="8c84fa94-04c1-424b-9868-57a2d4851a1d" relativeResultsDirectory="73e7df7d-4922-4f64-8101-69bdee5bb26e" />
    <UnitTestResult executionId="b4db949e-ab85-4502-9b8c-b9260748b385" testId="3da79b19-9852-4e1b-506b-b18eaf81d91b" testName="Abhyanvaya.Application.UnitTests.Academic.AI29_1D_Prompt21A_ArchitectureGuardHardeningTests.Application_Ui_Dependency_Through_Method_Parameter" computerName="DESKTOP-RUPESH" duration="00:00:00.1648610" startTime="2026-08-11T21:47:21.2364831+05:30" endTime="2026-08-11T21:47:21.2364836+05:30" testType="13cdc9d9-ddb5-4fa4-a97d-d965ccfc6d4b" outcome="Passed" testListId="8c84fa94-04c1-424b-9868-57a2d4851a1d" relativeResultsDirectory="b4db949e-ab85-4502-9b8c-b9260748b385" />
    <UnitTestResult executionId="b19f8e7d-fe6e-4775-9d17-baf528d641d6" testId="3c22ab68-7557-c63d-c108-24275ec37950" testName="Abhyanvaya.Application.UnitTests.Academic.AI29_1D_Prompt21A_ArchitectureGuardHardeningTests.Partial_Verification_When_Ui_Source_Unavailable" computerName="DESKTOP-RUPESH" duration="00:00:00.0890831" startTime="2026-08-11T21:47:23.1590305+05:30" endTime="2026-08-11T21:47:23.1590309+05:30" testType="13cdc9d9-ddb5-4fa4-a97d-d965ccfc6d4b" outcome="Passed" testListId="8c84fa94-04c1-424b-9868-57a2d4851a1d" relativeResultsDirectory="b19f8e7d-fe6e-4775-9d17-baf528d641d6" />
    <UnitTestResult executionId="09347c4f-5f80-4f99-a72d-752b388359aa" testId="dd47b0c4-fc63-0d8c-7350-4011d0f49c86" testName="Abhyanvaya.Application.UnitTests.Academic.AI29_1D_Prompt21A_ArchitectureGuardHardeningTests.Domain_Application_Dependency_Is_Forbidden" computerName="DESKTOP-RUPESH" duration="00:00:00.0191078" startTime="2026-08-11T21:47:21.0696596+05:30" endTime="2026-08-11T21:47:21.0696604+05:30" testType="13cdc9d9-ddb5-4fa4-a97d-d965ccfc6d4b" outcome="Passed" testListId="8c84fa94-04c1-424b-9868-57a2d4851a1d" relativeResultsDirectory="09347c4f-5f80-4f99-a72d-752b388359aa" />
    <UnitTestResult executionId="4679551d-0313-4224-b2f1-465b2ff26b69" testId="3ced604d-33cc-3378-7397-5db8fc6e1900" testName="Abhyanvaya.Application.UnitTests.Academic.AI29_1A6_PerformanceArchitectureTests.ArchitectureGuard_Passes" computerName="DESKTOP-RUPESH" duration="00:00:00.1236311" startTime="2026-08-11T21:47:21.0582163+05:30" endTime="2026-08-11T21:47:21.0582163+05:30" testType="13cdc9d9-ddb5-4fa4-a97d-d965ccfc6d4b" outcome="Passed" testListId="8c84fa94-04c1-424b-9868-57a2d4851a1d" relativeResultsDirectory="4679551d-0313-4224-b2f1-465b2ff26b69" />
  </Results>
  <TestDefinitions>
    <UnitTest name="Abhyanvaya.Application.UnitTests.Academic.AI29_1D_15A_Prompt9_RegressionArchitectureGuardTests.Attendance_Controller_Uses_Resolver_Independent_Write_Scope_And_Transactions" storage="d:\resheta\attendenceproject\abhyanvaya\abhyanvaya.application.unittests\bin\debug\net8.0\abhyanvaya.application.unittests.dll" id="72e7298d-7683-927b-b258-0fc81972ccb8">
      <Execution id="d919da6b-a436-4016-9e3b-b558210c4b53" />
      <TestMethod codeBase="D:\Resheta\AttendenceProject\Abhyanvaya\Abhyanvaya.Application.UnitTests\bin\Debug\net8.0\Abhyanvaya.Application.UnitTests.dll" adapterTypeName="executor://xunit/VsTestRunner2/netcoreapp" className="Abhyanvaya.Application.UnitTests.Academic.AI29_1D_15A_Prompt9_RegressionArchitectureGuardTests" name="Attendance_Controller_Uses_Resolver_Independent_Write_Scope_And_Transactions" />
    </UnitTest>
    <UnitTest name="Abhyanvaya.Application.UnitTests.Academic.AI29_1D_15A_Prompt9_RegressionArchitectureGuardTests.Attendance_Save_Contract_Remains_Additive_And_Optional_Section" storage="d:\resheta\attendenceproject\abhyanvaya\abhyanvaya.application.unittests\bin\debug\net8.0\abhyanvaya.application.unittests.dll" id="9c4dfaa4-f8e6-7fc6-536c-904102bb1b40">
      <Execution id="b5131db9-8a7e-4c99-b78d-0f4e588bdc6e" />
      <TestMethod codeBase="D:\Resheta\AttendenceProject\Abhyanvaya\Abhyanvaya.Application.UnitTests\bin\Debug\net8.0\Abhyanvaya.Application.UnitTests.dll" adapterTypeName="executor://xunit/VsTestRunner2/netcoreapp" className="Abhyanvaya.Application.UnitTests.Academic.AI29_1D_15A_Prompt9_RegressionArchitectureGuardTests" name="Attendance_Save_Contract_Remains_Additive_And_Optional_Section" />
    </UnitTest>
    <UnitTest name="Abhyanvaya.Application.UnitTests.Academic.AI29_1D_15A_Prompt9_RegressionArchitectureGuardTests.Faculty_Assign_Api_Contract_Still_Uses_FacultyId_Staff_Id" storage="d:\resheta\attendenceproject\abhyanvaya\abhyanvaya.application.unittests\bin\debug\net8.0\abhyanvaya.application.unittests.dll" id="d203a508-8f0f-1bd3-831a-cf9d99309baf">
      <Execution id="da35d419-e9f0-45f4-9909-24e31a061ad3" />
      <TestMethod codeBase="D:\Resheta\AttendenceProject\Abhyanvaya\Abhyanvaya.Application.UnitTests\bin\Debug\net8.0\Abhyanvaya.Application.UnitTests.dll" adapterTypeName="executor://xunit/VsTestRunner2/netcoreapp" className="Abhyanvaya.Application.UnitTests.Academic.AI29_1D_15A_Prompt9_RegressionArchitectureGuardTests" name="Faculty_Assign_Api_Contract_Still_Uses_FacultyId_Staff_Id" />
    </UnitTest>
    <UnitTest name="Abhyanvaya.Application.UnitTests.Academic.AI29_1D_15A_Prompt9_RegressionArchitectureGuardTests.Architecture_No_Second_SectionGroup_Or_FacultySection_Entity" storage="d:\resheta\attendenceproject\abhyanvaya\abhyanvaya.application.unittests\bin\debug\net8.0\abhyanvaya.application.unittests.dll" id="69659e4d-f601-cc09-95ca-e37e221bd047">
      <Execution id="fa21a7f6-605e-4b05-82ef-d922271bfbf1" />
      <TestMethod codeBase="D:\Resheta\AttendenceProject\Abhyanvaya\Abhyanvaya.Application.UnitTests\bin\Debug\net8.0\Abhyanvaya.Application.UnitTests.dll" adapterTypeName="executor://xunit/VsTestRunner2/netcoreapp" className="Abhyanvaya.Application.UnitTests.Academic.AI29_1D_15A_Prompt9_RegressionArchitectureGuardTests" name="Architecture_No_Second_SectionGroup_Or_FacultySection_Entity" />
    </UnitTest>
    <UnitTest name="Abhyanvaya.Application.UnitTests.Academic.AI29_1D_15A_Prompt9_RegressionArchitectureGuardTests.Attendance_Ui_Write_Payload_Builder_Exists_Without_Client_Eligibility" storage="d:\resheta\attendenceproject\abhyanvaya\abhyanvaya.application.unittests\bin\debug\net8.0\abhyanvaya.application.unittests.dll" id="43885d12-5a45-329f-0ac0-3f03b4100d5b">
      <Execution id="4f9056b7-5199-4d41-8d48-b3e2116da455" />
      <TestMethod codeBase="D:\Resheta\AttendenceProject\Abhyanvaya\Abhyanvaya.Application.UnitTests\bin\Debug\net8.0\Abhyanvaya.Application.UnitTests.dll" adapterTypeName="executor://xunit/VsTestRunner2/netcoreapp" className="Abhyanvaya.Application.UnitTests.Academic.AI29_1D_15A_Prompt9_RegressionArchitectureGuardTests" name="Attendance_Ui_Write_Payload_Builder_Exists_Without_Client_Eligibility" />
    </UnitTest>
    <UnitTest name="Abhyanvaya.Application.UnitTests.Academic.AI29_1D_Prompt21A_ArchitectureGuardHardeningTests.Zero_Violations_With_Ui_Scan_Is_Fully_Verified" storage="d:\resheta\attendenceproject\abhyanvaya\abhyanvaya.application.unittests\bin\debug\net8.0\abhyanvaya.application.unittests.dll" id="62e65377-be49-a136-d52e-caed5f2d05fc">
      <Execution id="55bb451f-d10d-4a15-9633-4882c042dbf6" />
      <TestMethod codeBase="D:\Resheta\AttendenceProject\Abhyanvaya\Abhyanvaya.Application.UnitTests\bin\Debug\net8.0\Abhyanvaya.Application.UnitTests.dll" adapterTypeName="executor://xunit/VsTestRunner2/netcoreapp" className="Abhyanvaya.Application.UnitTests.Academic.AI29_1D_Prompt21A_ArchitectureGuardHardeningTests" name="Zero_Violations_With_Ui_Scan_Is_Fully_Verified" />
    </UnitTest>
    <UnitTest name="Abhyanvaya.Application.UnitTests.Academic.AI29_1D_15A_Prompt9_RegressionArchitectureGuardTests.Faculty_Assign_Authorization_Helper_Present" storage="d:\resheta\attendenceproject\abhyanvaya\abhyanvaya.application.unittests\bin\debug\net8.0\abhyanvaya.application.unittests.dll" id="2a0d43a7-13b6-33a9-6274-56c0f9db252b">
      <Execution id="9b4a3ea2-7ccf-4c55-8c86-6c01f97d8888" />
      <TestMethod codeBase="D:\Resheta\AttendenceProject\Abhyanvaya\Abhyanvaya.Application.UnitTests\bin\Debug\net8.0\Abhyanvaya.Application.UnitTests.dll" adapterTypeName="executor://xunit/VsTestRunner2/netcoreapp" className="Abhyanvaya.Application.UnitTests.Academic.AI29_1D_15A_Prompt9_RegressionArchitectureGuardTests" name="Faculty_Assign_Authorization_Helper_Present" />
    </UnitTest>
    <UnitTest name="Abhyanvaya.Application.UnitTests.Academic.AI29_1D_Prompt21_ArchitectureGuardTests.Writes_Machine_Readable_Compliance_Snapshot" storage="d:\resheta\attendenceproject\abhyanvaya\abhyanvaya.application.unittests\bin\debug\net8.0\abhyanvaya.application.unittests.dll" id="2725e7cc-7dff-14a5-6e48-49d5c6270f0d">
      <Execution id="638f6e27-b646-4554-ae33-3df35c5b0a55" />
      <TestMethod codeBase="D:\Resheta\AttendenceProject\Abhyanvaya\Abhyanvaya.Application.UnitTests\bin\Debug\net8.0\Abhyanvaya.Application.UnitTests.dll" adapterTypeName="executor://xunit/VsTestRunner2/netcoreapp" className="Abhyanvaya.Application.UnitTests.Academic.AI29_1D_Prompt21_ArchitectureGuardTests" name="Writes_Machine_Readable_Compliance_Snapshot" />
    </UnitTest>
    <UnitTest name="Abhyanvaya.Application.UnitTests.Academic.AI29_1D_Prompt21A_ArchitectureGuardHardeningTests.Failure_When_Ui_Forbidden_Dependency_Detected" storage="d:\resheta\attendenceproject\abhyanvaya\abhyanvaya.application.unittests\bin\debug\net8.0\abhyanvaya.application.unittests.dll" id="965d8e79-56b3-5ff4-13cc-132c5779ab2d">
      <Execution id="f0bb03a0-680d-4009-89f9-8b8aab706e4b" />
      <TestMethod codeBase="D:\Resheta\AttendenceProject\Abhyanvaya\Abhyanvaya.Application.UnitTests\bin\Debug\net8.0\Abhyanvaya.Application.UnitTests.dll" adapterTypeName="executor://xunit/VsTestRunner2/netcoreapp" className="Abhyanvaya.Application.UnitTests.Academic.AI29_1D_Prompt21A_ArchitectureGuardHardeningTests" name="Failure_When_Ui_Forbidden_Dependency_Detected" />
    </UnitTest>
    <UnitTest name="Abhyanvaya.Application.UnitTests.Academic.AI29_1D_Prompt21A_ArchitectureGuardHardeningTests.Partial_Verification_When_Ui_Source_Unavailable" storage="d:\resheta\attendenceproject\abhyanvaya\abhyanvaya.application.unittests\bin\debug\net8.0\abhyanvaya.application.unittests.dll" id="3c22ab68-7557-c63d-c108-24275ec37950">
      <Execution id="b19f8e7d-fe6e-4775-9d17-baf528d641d6" />
      <TestMethod codeBase="D:\Resheta\AttendenceProject\Abhyanvaya\Abhyanvaya.Application.UnitTests\bin\Debug\net8.0\Abhyanvaya.Application.UnitTests.dll" adapterTypeName="executor://xunit/VsTestRunner2/netcoreapp" className="Abhyanvaya.Application.UnitTests.Academic.AI29_1D_Prompt21A_ArchitectureGuardHardeningTests" name="Partial_Verification_When_Ui_Source_Unavailable" />
    </UnitTest>
    <UnitTest name="Abhyanvaya.Application.UnitTests.Academic.AI29_1D_Prompt21A_ArchitectureGuardHardeningTests.Hardening_Doc_And_Ci_Snapshot_Include_Status" storage="d:\resheta\attendenceproject\abhyanvaya\abhyanvaya.application.unittests\bin\debug\net8.0\abhyanvaya.application.unittests.dll" id="4f3b363e-7380-c357-9ba9-88d8d6163d74">
      <Execution id="73e7df7d-4922-4f64-8101-69bdee5bb26e" />
      <TestMethod codeBase="D:\Resheta\AttendenceProject\Abhyanvaya\Abhyanvaya.Application.UnitTests\bin\Debug\net8.0\Abhyanvaya.Application.UnitTests.dll" adapterTypeName="executor://xunit/VsTestRunner2/netcoreapp" className="Abhyanvaya.Application.UnitTests.Academic.AI29_1D_Prompt21A_ArchitectureGuardHardeningTests" name="Hardening_Doc_And_Ci_Snapshot_Include_Status" />
    </UnitTest>
    <UnitTest name="Abhyanvaya.Application.UnitTests.Academic.AI29_1D_Prompt21A_ArchitectureGuardHardeningTests.Platform_Allocation_Guard_Failure_Fails_Compliance" storage="d:\resheta\attendenceproject\abhyanvaya\abhyanvaya.application.unittests\bin\debug\net8.0\abhyanvaya.application.unittests.dll" id="5fcd33fa-33ca-0783-fc8d-72708e08cd50">
      <Execution id="998435d7-d5d5-4df0-997f-e16d5ea7d8e8" />
      <TestMethod codeBase="D:\Resheta\AttendenceProject\Abhyanvaya\Abhyanvaya.Application.UnitTests\bin\Debug\net8.0\Abhyanvaya.Application.UnitTests.dll" adapterTypeName="executor://xunit/VsTestRunner2/netcoreapp" className="Abhyanvaya.Application.UnitTests.Academic.AI29_1D_Prompt21A_ArchitectureGuardHardeningTests" name="Platform_Allocation_Guard_Failure_Fails_Compliance" />
    </UnitTest>
    <UnitTest name="Abhyanvaya.Application.UnitTests.Academic.AI29_1D_Prompt21_ArchitectureGuardTests.Ui_Package_Json_Has_No_Direct_Database_Drivers" storage="d:\resheta\attendenceproject\abhyanvaya\abhyanvaya.application.unittests\bin\debug\net8.0\abhyanvaya.application.unittests.dll" id="dd0b9b72-641b-c145-e9c5-c3c86ecaf3d5">
      <Execution id="adc50ab2-8b15-4962-9e31-8a4740521762" />
      <TestMethod codeBase="D:\Resheta\AttendenceProject\Abhyanvaya\Abhyanvaya.Application.UnitTests\bin\Debug\net8.0\Abhyanvaya.Application.UnitTests.dll" adapterTypeName="executor://xunit/VsTestRunner2/netcoreapp" className="Abhyanvaya.Application.UnitTests.Academic.AI29_1D_Prompt21_ArchitectureGuardTests" name="Ui_Package_Json_Has_No_Direct_Database_Drivers" />
    </UnitTest>
    <UnitTest name="Abhyanvaya.Application.UnitTests.Academic.AI29_1D_Prompt21_ArchitectureGuardTests.Backend_Services_Remain_Authoritative" storage="d:\resheta\attendenceproject\abhyanvaya\abhyanvaya.application.unittests\bin\debug\net8.0\abhyanvaya.application.unittests.dll" id="aaf9e10c-d3fe-8423-a6e6-236493919d77">
      <Execution id="e4fa62ae-f7b7-47e2-97fa-d5a6905e3134" />
      <TestMethod codeBase="D:\Resheta\AttendenceProject\Abhyanvaya\Abhyanvaya.Application.UnitTests\bin\Debug\net8.0\Abhyanvaya.Application.UnitTests.dll" adapterTypeName="executor://xunit/VsTestRunner2/netcoreapp" className="Abhyanvaya.Application.UnitTests.Academic.AI29_1D_Prompt21_ArchitectureGuardTests" name="Backend_Services_Remain_Authoritative" />
    </UnitTest>
    <UnitTest name="Abhyanvaya.Application.UnitTests.Academic.AI29_1D_Prompt21A_ArchitectureGuardHardeningTests.Application_Ui_Dependency_Through_Return_Type" storage="d:\resheta\attendenceproject\abhyanvaya\abhyanvaya.application.unittests\bin\debug\net8.0\abhyanvaya.application.unittests.dll" id="74c2da66-3583-f768-1048-bc64283cd0bf">
      <Execution id="45bee67c-42f9-4f76-844b-3d01e489c763" />
      <TestMethod codeBase="D:\Resheta\AttendenceProject\Abhyanvaya\Abhyanvaya.Application.UnitTests\bin\Debug\net8.0\Abhyanvaya.Application.UnitTests.dll" adapterTypeName="executor://xunit/VsTestRunner2/netcoreapp" className="Abhyanvaya.Application.UnitTests.Academic.AI29_1D_Prompt21A_ArchitectureGuardHardeningTests" name="Application_Ui_Dependency_Through_Return_Type" />
    </UnitTest>
    <UnitTest name="Abhyanvaya.Application.UnitTests.Academic.AI29_1D_Prompt21_ArchitectureGuardTests.Compliance_Markdown_Documents_Layering_Contract" storage="d:\resheta\attendenceproject\abhyanvaya\abhyanvaya.application.unittests\bin\debug\net8.0\abhyanvaya.application.unittests.dll" id="8708f760-f387-9f07-34be-d8bbced073be">
      <Execution id="be951007-c35b-4642-8708-a49a2a9806ad" />
      <TestMethod codeBase="D:\Resheta\AttendenceProject\Abhyanvaya\Abhyanvaya.Application.UnitTests\bin\Debug\net8.0\Abhyanvaya.Application.UnitTests.dll" adapterTypeName="executor://xunit/VsTestRunner2/netcoreapp" className="Abhyanvaya.Application.UnitTests.Academic.AI29_1D_Prompt21_ArchitectureGuardTests" name="Compliance_Markdown_Documents_Layering_Contract" />
    </UnitTest>
    <UnitTest name="Abhyanvaya.Application.UnitTests.Academic.AI29_1D_Prompt21A_ArchitectureGuardHardeningTests.Failure_When_Forbidden_Authority_Pattern_Detected" storage="d:\resheta\attendenceproject\abhyanvaya\abhyanvaya.application.unittests\bin\debug\net8.0\abhyanvaya.application.unittests.dll" id="348b4bbe-18f3-2805-da34-dd198658c915">
      <Execution id="41fa561e-9ddb-4505-8785-813d8448be9c" />
      <TestMethod codeBase="D:\Resheta\AttendenceProject\Abhyanvaya\Abhyanvaya.Application.UnitTests\bin\Debug\net8.0\Abhyanvaya.Application.UnitTests.dll" adapterTypeName="executor://xunit/VsTestRunner2/netcoreapp" className="Abhyanvaya.Application.UnitTests.Academic.AI29_1D_Prompt21A_ArchitectureGuardHardeningTests" name="Failure_When_Forbidden_Authority_Pattern_Detected" />
    </UnitTest>
    <UnitTest name="Abhyanvaya.Application.UnitTests.Academic.AI29_1A6_PerformanceArchitectureTests.ArchitectureGuard_Passes" storage="d:\resheta\attendenceproject\abhyanvaya\abhyanvaya.application.unittests\bin\debug\net8.0\abhyanvaya.application.unittests.dll" id="3ced604d-33cc-3378-7397-5db8fc6e1900">
      <Execution id="4679551d-0313-4224-b2f1-465b2ff26b69" />
      <TestMethod codeBase="D:\Resheta\AttendenceProject\Abhyanvaya\Abhyanvaya.Application.UnitTests\bin\Debug\net8.0\Abhyanvaya.Application.UnitTests.dll" adapterTypeName="executor://xunit/VsTestRunner2/netcoreapp" className="Abhyanvaya.Application.UnitTests.Academic.AI29_1A6_PerformanceArchitectureTests" name="ArchitectureGuard_Passes" />
    </UnitTest>
    <UnitTest name="Abhyanvaya.Application.UnitTests.Academic.AI29_1D_15A_Prompt9_RegressionArchitectureGuardTests.Architecture_Single_AttendanceSessionResolver" storage="d:\resheta\attendenceproject\abhyanvaya\abhyanvaya.application.unittests\bin\debug\net8.0\abhyanvaya.application.unittests.dll" id="3c2df03b-a1b4-d2aa-eabc-05b3044e25f4">
      <Execution id="e5639bbc-b0e7-42f2-b834-b3e079d823f0" />
      <TestMethod codeBase="D:\Resheta\AttendenceProject\Abhyanvaya\Abhyanvaya.Application.UnitTests\bin\Debug\net8.0\Abhyanvaya.Application.UnitTests.dll" adapterTypeName="executor://xunit/VsTestRunner2/netcoreapp" className="Abhyanvaya.Application.UnitTests.Academic.AI29_1D_15A_Prompt9_RegressionArchitectureGuardTests" name="Architecture_Single_AttendanceSessionResolver" />
    </UnitTest>
    <UnitTest name="Abhyanvaya.Application.UnitTests.Academic.AI29_1D_15A_Prompt9_RegressionArchitectureGuardTests.Attendance_Write_Rejects_Unauthorized_Students_Atomically" storage="d:\resheta\attendenceproject\abhyanvaya\abhyanvaya.application.unittests\bin\debug\net8.0\abhyanvaya.application.unittests.dll" id="3b02927b-24b7-5805-63b9-49248cce0367">
      <Execution id="696d4e1e-43d1-4c7f-949e-15b71b59cf61" />
      <TestMethod codeBase="D:\Resheta\AttendenceProject\Abhyanvaya\Abhyanvaya.Application.UnitTests\bin\Debug\net8.0\Abhyanvaya.Application.UnitTests.dll" adapterTypeName="executor://xunit/VsTestRunner2/netcoreapp" className="Abhyanvaya.Application.UnitTests.Academic.AI29_1D_15A_Prompt9_RegressionArchitectureGuardTests" name="Attendance_Write_Rejects_Unauthorized_Students_Atomically" />
    </UnitTest>
    <UnitTest name="Abhyanvaya.Application.UnitTests.Academic.AI29_1D_15A_Prompt9_RegressionArchitectureGuardTests.Architecture_Subject_Master_Has_No_Section_Relationship" storage="d:\resheta\attendenceproject\abhyanvaya\abhyanvaya.application.unittests\bin\debug\net8.0\abhyanvaya.application.unittests.dll" id="2b1494d6-0bac-5936-e6ba-d9e13bff6ea1">
      <Execution id="405af7da-1ad9-442d-b0c7-a93eefcd1c26" />
      <TestMethod codeBase="D:\Resheta\AttendenceProject\Abhyanvaya\Abhyanvaya.Application.UnitTests\bin\Debug\net8.0\Abhyanvaya.Application.UnitTests.dll" adapterTypeName="executor://xunit/VsTestRunner2/netcoreapp" className="Abhyanvaya.Application.UnitTests.Academic.AI29_1D_15A_Prompt9_RegressionArchitectureGuardTests" name="Architecture_Subject_Master_Has_No_Section_Relationship" />
    </UnitTest>
    <UnitTest name="Abhyanvaya.Application.UnitTests.Academic.AI29_1D_Prompt21A_ArchitectureGuardHardeningTests.Full_Verification_When_Ui_Exists" storage="d:\resheta\attendenceproject\abhyanvaya\abhyanvaya.application.unittests\bin\debug\net8.0\abhyanvaya.application.unittests.dll" id="f0a56886-4358-a949-1e45-1b7e7a6302c4">
      <Execution id="409818d9-b2ec-4bbb-982d-5c1b4a39c349" />
      <TestMethod codeBase="D:\Resheta\AttendenceProject\Abhyanvaya\Abhyanvaya.Application.UnitTests\bin\Debug\net8.0\Abhyanvaya.Application.UnitTests.dll" adapterTypeName="executor://xunit/VsTestRunner2/netcoreapp" className="Abhyanvaya.Application.UnitTests.Academic.AI29_1D_Prompt21A_ArchitectureGuardHardeningTests" name="Full_Verification_When_Ui_Exists" />
    </UnitTest>
    <UnitTest name="Abhyanvaya.Application.UnitTests.Academic.AI29_1D_Prompt21A_ArchitectureGuardHardeningTests.Package_Json_Forbidden_Dependency_Fails" storage="d:\resheta\attendenceproject\abhyanvaya\abhyanvaya.application.unittests\bin\debug\net8.0\abhyanvaya.application.unittests.dll" id="21987d53-74b6-31f4-ae20-c24ba1b32a4b">
      <Execution id="5387a7f4-2c0f-47aa-b249-96c3522fc7e9" />
      <TestMethod codeBase="D:\Resheta\AttendenceProject\Abhyanvaya\Abhyanvaya.Application.UnitTests\bin\Debug\net8.0\Abhyanvaya.Application.UnitTests.dll" adapterTypeName="executor://xunit/VsTestRunner2/netcoreapp" className="Abhyanvaya.Application.UnitTests.Academic.AI29_1D_Prompt21A_ArchitectureGuardHardeningTests" name="Package_Json_Forbidden_Dependency_Fails" />
    </UnitTest>
    <UnitTest name="Abhyanvaya.Application.UnitTests.Academic.AI29_1D_Prompt21A_ArchitectureGuardHardeningTests.Application_Ui_Dependency_Through_Method_Parameter" storage="d:\resheta\attendenceproject\abhyanvaya\abhyanvaya.application.unittests\bin\debug\net8.0\abhyanvaya.application.unittests.dll" id="3da79b19-9852-4e1b-506b-b18eaf81d91b">
      <Execution id="b4db949e-ab85-4502-9b8c-b9260748b385" />
      <TestMethod codeBase="D:\Resheta\AttendenceProject\Abhyanvaya\Abhyanvaya.Application.UnitTests\bin\Debug\net8.0\Abhyanvaya.Application.UnitTests.dll" adapterTypeName="executor://xunit/VsTestRunner2/netcoreapp" className="Abhyanvaya.Application.UnitTests.Academic.AI29_1D_Prompt21A_ArchitectureGuardHardeningTests" name="Application_Ui_Dependency_Through_Method_Parameter" />
    </UnitTest>
    <UnitTest name="Abhyanvaya.Application.UnitTests.Academic.AI29_1D_Prompt21_ArchitectureGuardTests.Architecture_Compliance_Report_Passes" storage="d:\resheta\attendenceproject\abhyanvaya\abhyanvaya.application.unittests\bin\debug\net8.0\abhyanvaya.application.unittests.dll" id="0a9ae6b1-781f-3b2e-af33-1bf289ab7c76">
      <Execution id="58b5dc6c-b99e-45f0-b731-d61043e8dc51" />
      <TestMethod codeBase="D:\Resheta\AttendenceProject\Abhyanvaya\Abhyanvaya.Application.UnitTests\bin\Debug\net8.0\Abhyanvaya.Application.UnitTests.dll" adapterTypeName="executor://xunit/VsTestRunner2/netcoreapp" className="Abhyanvaya.Application.UnitTests.Academic.AI29_1D_Prompt21_ArchitectureGuardTests" name="Architecture_Compliance_Report_Passes" />
    </UnitTest>
    <UnitTest name="Abhyanvaya.Application.UnitTests.Academic.AI29_1D_15A_Prompt9_RegressionArchitectureGuardTests.Architecture_Allocation_And_Scoring_Engines_Untouched_As_Singletons" storage="d:\resheta\attendenceproject\abhyanvaya\abhyanvaya.application.unittests\bin\debug\net8.0\abhyanvaya.application.unittests.dll" id="dff9eab3-1c18-e31f-aa92-c76157bf2cea">
      <Execution id="ecd55abe-0057-4d7e-a435-a1923ef709a5" />
      <TestMethod codeBase="D:\Resheta\AttendenceProject\Abhyanvaya\Abhyanvaya.Application.UnitTests\bin\Debug\net8.0\Abhyanvaya.Application.UnitTests.dll" adapterTypeName="executor://xunit/VsTestRunner2/netcoreapp" className="Abhyanvaya.Application.UnitTests.Academic.AI29_1D_15A_Prompt9_RegressionArchitectureGuardTests" name="Architecture_Allocation_And_Scoring_Engines_Untouched_As_Singletons" />
    </UnitTest>
    <UnitTest name="Abhyanvaya.Application.UnitTests.Academic.AI29_1D_Prompt21A_ArchitectureGuardHardeningTests.Application_Ui_Dependency_Through_Property" storage="d:\resheta\attendenceproject\abhyanvaya\abhyanvaya.application.unittests\bin\debug\net8.0\abhyanvaya.application.unittests.dll" id="1cbf6fe6-7abc-56f4-cef8-da301c13893e">
      <Execution id="40398449-f877-40ad-ad27-9f7c6b262b94" />
      <TestMethod codeBase="D:\Resheta\AttendenceProject\Abhyanvaya\Abhyanvaya.Application.UnitTests\bin\Debug\net8.0\Abhyanvaya.Application.UnitTests.dll" adapterTypeName="executor://xunit/VsTestRunner2/netcoreapp" className="Abhyanvaya.Application.UnitTests.Academic.AI29_1D_Prompt21A_ArchitectureGuardHardeningTests" name="Application_Ui_Dependency_Through_Property" />
    </UnitTest>
    <UnitTest name="Abhyanvaya.Application.UnitTests.Academic.AI29_1D_Prompt21A_ArchitectureGuardHardeningTests.Domain_Application_Dependency_Is_Forbidden" storage="d:\resheta\attendenceproject\abhyanvaya\abhyanvaya.application.unittests\bin\debug\net8.0\abhyanvaya.application.unittests.dll" id="dd47b0c4-fc63-0d8c-7350-4011d0f49c86">
      <Execution id="09347c4f-5f80-4f99-a72d-752b388359aa" />
      <TestMethod codeBase="D:\Resheta\AttendenceProject\Abhyanvaya\Abhyanvaya.Application.UnitTests\bin\Debug\net8.0\Abhyanvaya.Application.UnitTests.dll" adapterTypeName="executor://xunit/VsTestRunner2/netcoreapp" className="Abhyanvaya.Application.UnitTests.Academic.AI29_1D_Prompt21A_ArchitectureGuardHardeningTests" name="Domain_Application_Dependency_Is_Forbidden" />
    </UnitTest>
    <UnitTest name="Abhyanvaya.Application.UnitTests.Academic.AI29_1D_15A_Prompt9_RegressionArchitectureGuardTests.Faculty_Allocation_Ui_Removed_Manual_Staff_Id_Entry" storage="d:\resheta\attendenceproject\abhyanvaya\abhyanvaya.application.unittests\bin\debug\net8.0\abhyanvaya.application.unittests.dll" id="6ea4b943-3bb5-1017-cc20-e09a63c11e58">
      <Execution id="5772372a-0c91-4186-810b-bc6d0ffe6e87" />
      <TestMethod codeBase="D:\Resheta\AttendenceProject\Abhyanvaya\Abhyanvaya.Application.UnitTests\bin\Debug\net8.0\Abhyanvaya.Application.UnitTests.dll" adapterTypeName="executor://xunit/VsTestRunner2/netcoreapp" className="Abhyanvaya.Application.UnitTests.Academic.AI29_1D_15A_Prompt9_RegressionArchitectureGuardTests" name="Faculty_Allocation_Ui_Removed_Manual_Staff_Id_Entry" />
    </UnitTest>
  </TestDefinitions>
  <TestEntries>
    <TestEntry testId="0a9ae6b1-781f-3b2e-af33-1bf289ab7c76" executionId="58b5dc6c-b99e-45f0-b731-d61043e8dc51" testListId="8c84fa94-04c1-424b-9868-57a2d4851a1d" />
    <TestEntry testId="62e65377-be49-a136-d52e-caed5f2d05fc" executionId="55bb451f-d10d-4a15-9633-4882c042dbf6" testListId="8c84fa94-04c1-424b-9868-57a2d4851a1d" />
    <TestEntry testId="1cbf6fe6-7abc-56f4-cef8-da301c13893e" executionId="40398449-f877-40ad-ad27-9f7c6b262b94" testListId="8c84fa94-04c1-424b-9868-57a2d4851a1d" />
    <TestEntry testId="dff9eab3-1c18-e31f-aa92-c76157bf2cea" executionId="ecd55abe-0057-4d7e-a435-a1923ef709a5" testListId="8c84fa94-04c1-424b-9868-57a2d4851a1d" />
    <TestEntry testId="6ea4b943-3bb5-1017-cc20-e09a63c11e58" executionId="5772372a-0c91-4186-810b-bc6d0ffe6e87" testListId="8c84fa94-04c1-424b-9868-57a2d4851a1d" />
    <TestEntry testId="2a0d43a7-13b6-33a9-6274-56c0f9db252b" executionId="9b4a3ea2-7ccf-4c55-8c86-6c01f97d8888" testListId="8c84fa94-04c1-424b-9868-57a2d4851a1d" />
    <TestEntry testId="43885d12-5a45-329f-0ac0-3f03b4100d5b" executionId="4f9056b7-5199-4d41-8d48-b3e2116da455" testListId="8c84fa94-04c1-424b-9868-57a2d4851a1d" />
    <TestEntry testId="d203a508-8f0f-1bd3-831a-cf9d99309baf" executionId="da35d419-e9f0-45f4-9909-24e31a061ad3" testListId="8c84fa94-04c1-424b-9868-57a2d4851a1d" />
    <TestEntry testId="348b4bbe-18f3-2805-da34-dd198658c915" executionId="41fa561e-9ddb-4505-8785-813d8448be9c" testListId="8c84fa94-04c1-424b-9868-57a2d4851a1d" />
    <TestEntry testId="69659e4d-f601-cc09-95ca-e37e221bd047" executionId="fa21a7f6-605e-4b05-82ef-d922271bfbf1" testListId="8c84fa94-04c1-424b-9868-57a2d4851a1d" />
    <TestEntry testId="74c2da66-3583-f768-1048-bc64283cd0bf" executionId="45bee67c-42f9-4f76-844b-3d01e489c763" testListId="8c84fa94-04c1-424b-9868-57a2d4851a1d" />
    <TestEntry testId="dd0b9b72-641b-c145-e9c5-c3c86ecaf3d5" executionId="adc50ab2-8b15-4962-9e31-8a4740521762" testListId="8c84fa94-04c1-424b-9868-57a2d4851a1d" />
    <TestEntry testId="965d8e79-56b3-5ff4-13cc-132c5779ab2d" executionId="f0bb03a0-680d-4009-89f9-8b8aab706e4b" testListId="8c84fa94-04c1-424b-9868-57a2d4851a1d" />
    <TestEntry testId="72e7298d-7683-927b-b258-0fc81972ccb8" executionId="d919da6b-a436-4016-9e3b-b558210c4b53" testListId="8c84fa94-04c1-424b-9868-57a2d4851a1d" />
    <TestEntry testId="aaf9e10c-d3fe-8423-a6e6-236493919d77" executionId="e4fa62ae-f7b7-47e2-97fa-d5a6905e3134" testListId="8c84fa94-04c1-424b-9868-57a2d4851a1d" />
    <TestEntry testId="5fcd33fa-33ca-0783-fc8d-72708e08cd50" executionId="998435d7-d5d5-4df0-997f-e16d5ea7d8e8" testListId="8c84fa94-04c1-424b-9868-57a2d4851a1d" />
    <TestEntry testId="21987d53-74b6-31f4-ae20-c24ba1b32a4b" executionId="5387a7f4-2c0f-47aa-b249-96c3522fc7e9" testListId="8c84fa94-04c1-424b-9868-57a2d4851a1d" />
    <TestEntry testId="8708f760-f387-9f07-34be-d8bbced073be" executionId="be951007-c35b-4642-8708-a49a2a9806ad" testListId="8c84fa94-04c1-424b-9868-57a2d4851a1d" />
    <TestEntry testId="2b1494d6-0bac-5936-e6ba-d9e13bff6ea1" executionId="405af7da-1ad9-442d-b0c7-a93eefcd1c26" testListId="8c84fa94-04c1-424b-9868-57a2d4851a1d" />
    <TestEntry testId="f0a56886-4358-a949-1e45-1b7e7a6302c4" executionId="409818d9-b2ec-4bbb-982d-5c1b4a39c349" testListId="8c84fa94-04c1-424b-9868-57a2d4851a1d" />
    <TestEntry testId="9c4dfaa4-f8e6-7fc6-536c-904102bb1b40" executionId="b5131db9-8a7e-4c99-b78d-0f4e588bdc6e" testListId="8c84fa94-04c1-424b-9868-57a2d4851a1d" />
    <TestEntry testId="3b02927b-24b7-5805-63b9-49248cce0367" executionId="696d4e1e-43d1-4c7f-949e-15b71b59cf61" testListId="8c84fa94-04c1-424b-9868-57a2d4851a1d" />
    <TestEntry testId="2725e7cc-7dff-14a5-6e48-49d5c6270f0d" executionId="638f6e27-b646-4554-ae33-3df35c5b0a55" testListId="8c84fa94-04c1-424b-9868-57a2d4851a1d" />
    <TestEntry testId="3c2df03b-a1b4-d2aa-eabc-05b3044e25f4" executionId="e5639bbc-b0e7-42f2-b834-b3e079d823f0" testListId="8c84fa94-04c1-424b-9868-57a2d4851a1d" />
    <TestEntry testId="4f3b363e-7380-c357-9ba9-88d8d6163d74" executionId="73e7df7d-4922-4f64-8101-69bdee5bb26e" testListId="8c84fa94-04c1-424b-9868-57a2d4851a1d" />
    <TestEntry testId="3da79b19-9852-4e1b-506b-b18eaf81d91b" executionId="b4db949e-ab85-4502-9b8c-b9260748b385" testListId="8c84fa94-04c1-424b-9868-57a2d4851a1d" />
    <TestEntry testId="3c22ab68-7557-c63d-c108-24275ec37950" executionId="b19f8e7d-fe6e-4775-9d17-baf528d641d6" testListId="8c84fa94-04c1-424b-9868-57a2d4851a1d" />
    <TestEntry testId="dd47b0c4-fc63-0d8c-7350-4011d0f49c86" executionId="09347c4f-5f80-4f99-a72d-752b388359aa" testListId="8c84fa94-04c1-424b-9868-57a2d4851a1d" />
    <TestEntry testId="3ced604d-33cc-3378-7397-5db8fc6e1900" executionId="4679551d-0313-4224-b2f1-465b2ff26b69" testListId="8c84fa94-04c1-424b-9868-57a2d4851a1d" />
  </TestEntries>
  <TestLists>
    <TestList name="Results Not in a List" id="8c84fa94-04c1-424b-9868-57a2d4851a1d" />
    <TestList name="All Loaded Results" id="19431567-8539-422a-85d7-44ee4e166bda" />
  </TestLists>
  <ResultSummary outcome="Completed">
    <Counters total="29" executed="29" passed="29" failed="0" error="0" timeout="0" aborted="0" inconclusive="0" passedButRunAborted="0" notRunnable="0" notExecuted="0" disconnected="0" warning="0" completed="0" inProgress="0" pending="0" />
    <Output>
      <StdOut>[xUnit.net 00:00:00.00] xUnit.net VSTest Adapter v2.8.2+699d445a1a (64-bit .NET 8.0.19)&#xD;
[xUnit.net 00:00:00.27]   Discovering: Abhyanvaya.Application.UnitTests&#xD;
[xUnit.net 00:00:00.59]   Discovered:  Abhyanvaya.Application.UnitTests&#xD;
[xUnit.net 00:00:00.60]   Starting:    Abhyanvaya.Application.UnitTests&#xD;
[xUnit.net 00:00:04.25]   Finished:    Abhyanvaya.Application.UnitTests&#xD;
</StdOut>
    </Output>
  </ResultSummary>
</TestRun>